// Jest Snapshot v1, https://goo.gl/fbAQLP

exports[`test enzyme should render correctly 1`] = `
<BrowserRouter>
  <Switch>
    <Route
      exact={true}
      path="/about"
      render={[Function]}
    />
    <Route
      exact={true}
      path="/profile"
      render={[Function]}
    />
  </Switch>
</BrowserRouter>
`;
